
Memory Configuration

Name             Origin             Length             Attributes
FLASH            0x0000000008000000 0x0000000000080000 xr
SRAM             0x0000000020000000 0x0000000000020000 xrw
*default*        0x0000000000000000 0xffffffffffffffff

Linker script and memory map


.text           0x0000000008000000      0x2c8
 *(.isr_vector)
 .isr_vector    0x0000000008000000      0x128 bin/bare_metal_stm32f4_startup.o
                0x0000000008000000                isr_vector
 *(.text)
 .text          0x0000000008000128       0x80 bin/led.o
                0x0000000008000128                delay_ms
                0x0000000008000156                led_on
                0x000000000800017e                led_off
 .text          0x00000000080001a8       0x94 bin/main.o
                0x00000000080001a8                main
 .text          0x000000000800023c       0x24 bin/button.o
                0x000000000800023c                button_read
 .text          0x0000000008000260       0x68 bin/bare_metal_stm32f4_startup.o
                0x0000000008000260                EXTI0_IRQHandler
                0x0000000008000260                default_handler
                0x0000000008000266                reset_handler
 *(.rodata)
                0x00000000080002c8                . = ALIGN (0x4)
                0x00000000080002c8                _etext = .

.glue_7         0x00000000080002c8        0x0
 .glue_7        0x00000000080002c8        0x0 linker stubs

.glue_7t        0x00000000080002c8        0x0
 .glue_7t       0x00000000080002c8        0x0 linker stubs

.vfp11_veneer   0x00000000080002c8        0x0
 .vfp11_veneer  0x00000000080002c8        0x0 linker stubs

.v4_bx          0x00000000080002c8        0x0
 .v4_bx         0x00000000080002c8        0x0 linker stubs

.iplt           0x00000000080002c8        0x0
 .iplt          0x00000000080002c8        0x0 bin/main.o

.rel.dyn        0x00000000080002c8        0x0
 .rel.iplt      0x00000000080002c8        0x0 bin/main.o

.data           0x0000000020000000        0x0 load address 0x00000000080002c8
                0x0000000020000000                _data = .
 *(.data)
 .data          0x0000000020000000        0x0 bin/led.o
 .data          0x0000000020000000        0x0 bin/main.o
 .data          0x0000000020000000        0x0 bin/button.o
 .data          0x0000000020000000        0x0 bin/bare_metal_stm32f4_startup.o
                0x0000000020000000                . = ALIGN (0x4)
                0x0000000020000000                _edata = .

.igot.plt       0x0000000020000000        0x0 load address 0x00000000080002c8
 .igot.plt      0x0000000020000000        0x0 bin/main.o

.bss            0x0000000020000000        0x0 load address 0x00000000080002c8
                0x0000000020000000                _bss = .
 *(.bss)
 .bss           0x0000000020000000        0x0 bin/led.o
 .bss           0x0000000020000000        0x0 bin/main.o
 .bss           0x0000000020000000        0x0 bin/button.o
 .bss           0x0000000020000000        0x0 bin/bare_metal_stm32f4_startup.o
 *(COMMON)
                0x0000000020000000                . = ALIGN (0x4)
                0x0000000020000000                _ebss = .
LOAD bin/led.o
LOAD bin/main.o
LOAD bin/button.o
LOAD bin/bare_metal_stm32f4_startup.o
OUTPUT(bin/bare_metal_stm32f4.elf elf32-littlearm)
LOAD linker stubs

.debug_info     0x0000000000000000      0x7a2
 .debug_info    0x0000000000000000      0x1c6 bin/led.o
 .debug_info    0x00000000000001c6      0x335 bin/main.o
 .debug_info    0x00000000000004fb      0x173 bin/button.o
 .debug_info    0x000000000000066e      0x134 bin/bare_metal_stm32f4_startup.o

.debug_abbrev   0x0000000000000000      0x2e9
 .debug_abbrev  0x0000000000000000       0xba bin/led.o
 .debug_abbrev  0x00000000000000ba       0xc5 bin/main.o
 .debug_abbrev  0x000000000000017f       0xa2 bin/button.o
 .debug_abbrev  0x0000000000000221       0xc8 bin/bare_metal_stm32f4_startup.o

.debug_aranges  0x0000000000000000       0x80
 .debug_aranges
                0x0000000000000000       0x20 bin/led.o
 .debug_aranges
                0x0000000000000020       0x20 bin/main.o
 .debug_aranges
                0x0000000000000040       0x20 bin/button.o
 .debug_aranges
                0x0000000000000060       0x20 bin/bare_metal_stm32f4_startup.o

.debug_line     0x0000000000000000      0x412
 .debug_line    0x0000000000000000      0x108 bin/led.o
 .debug_line    0x0000000000000108      0x102 bin/main.o
 .debug_line    0x000000000000020a       0xe9 bin/button.o
 .debug_line    0x00000000000002f3      0x11f bin/bare_metal_stm32f4_startup.o

.debug_str      0x0000000000000000      0x316
 .debug_str     0x0000000000000000      0x160 bin/led.o
                                        0x1aa (size before relaxing)
 .debug_str     0x0000000000000160      0x11b bin/main.o
                                        0x295 (size before relaxing)
 .debug_str     0x000000000000027b       0x25 bin/button.o
                                        0x19f (size before relaxing)
 .debug_str     0x00000000000002a0       0x76 bin/bare_metal_stm32f4_startup.o
                                        0x19d (size before relaxing)

.comment        0x0000000000000000       0x49
 .comment       0x0000000000000000       0x49 bin/led.o
                                         0x4a (size before relaxing)
 .comment       0x0000000000000049       0x4a bin/main.o
 .comment       0x0000000000000049       0x4a bin/button.o
 .comment       0x0000000000000049       0x4a bin/bare_metal_stm32f4_startup.o

.ARM.attributes
                0x0000000000000000       0x2e
 .ARM.attributes
                0x0000000000000000       0x2e bin/led.o
 .ARM.attributes
                0x000000000000002e       0x2e bin/main.o
 .ARM.attributes
                0x000000000000005c       0x2e bin/button.o
 .ARM.attributes
                0x000000000000008a       0x2e bin/bare_metal_stm32f4_startup.o

.debug_frame    0x0000000000000000      0x13c
 .debug_frame   0x0000000000000000       0x88 bin/led.o
 .debug_frame   0x0000000000000088       0x30 bin/main.o
 .debug_frame   0x00000000000000b8       0x38 bin/button.o
 .debug_frame   0x00000000000000f0       0x4c bin/bare_metal_stm32f4_startup.o
