
Memory Configuration

Name             Origin             Length             Attributes
FLASH            0x0000000008000000 0x0000000000080000 xr
SRAM             0x0000000020000000 0x0000000000020000 xrw
*default*        0x0000000000000000 0xffffffffffffffff

Linker script and memory map


.text           0x0000000008000000      0x280
 *(.isr_vector)
 .isr_vector    0x0000000008000000      0x128 bin/bare_metal_stm32f4_startup.o
                0x0000000008000000                isr_vector
 *(.text)
 .text          0x0000000008000128       0x5c bin/main.o
                0x0000000008000128                main
 .text          0x0000000008000184       0x94 bin/led.o
                0x0000000008000184                delay_ms
                0x00000000080001b2                led_on
                0x00000000080001e4                led_off
 .text          0x0000000008000218       0x68 bin/bare_metal_stm32f4_startup.o
                0x0000000008000218                default_handler
                0x000000000800021e                reset_handler
 *(.rodata)
                0x0000000008000280                . = ALIGN (0x4)
                0x0000000008000280                _etext = .

.glue_7         0x0000000008000280        0x0
 .glue_7        0x0000000008000280        0x0 linker stubs

.glue_7t        0x0000000008000280        0x0
 .glue_7t       0x0000000008000280        0x0 linker stubs

.vfp11_veneer   0x0000000008000280        0x0
 .vfp11_veneer  0x0000000008000280        0x0 linker stubs

.v4_bx          0x0000000008000280        0x0
 .v4_bx         0x0000000008000280        0x0 linker stubs

.iplt           0x0000000008000280        0x0
 .iplt          0x0000000008000280        0x0 bin/main.o

.rel.dyn        0x0000000008000280        0x0
 .rel.iplt      0x0000000008000280        0x0 bin/main.o

.data           0x0000000020000000        0xc load address 0x0000000008000280
                0x0000000020000000                _data = .
 *(.data)
 .data          0x0000000020000000        0x0 bin/main.o
 .data          0x0000000020000000        0xc bin/led.o
                0x0000000020000000                pRCC_AHB1ENR
                0x0000000020000004                pGPIODModeReg
                0x0000000020000008                pGPIODDataReg
 .data          0x000000002000000c        0x0 bin/bare_metal_stm32f4_startup.o
                0x000000002000000c                . = ALIGN (0x4)
                0x000000002000000c                _edata = .

.igot.plt       0x000000002000000c        0x0 load address 0x000000000800028c
 .igot.plt      0x000000002000000c        0x0 bin/main.o

.bss            0x000000002000000c        0x0 load address 0x000000000800028c
                0x000000002000000c                _bss = .
 *(.bss)
 .bss           0x000000002000000c        0x0 bin/main.o
 .bss           0x000000002000000c        0x0 bin/led.o
 .bss           0x000000002000000c        0x0 bin/bare_metal_stm32f4_startup.o
 *(COMMON)
                0x000000002000000c                . = ALIGN (0x4)
                0x000000002000000c                _ebss = .
LOAD bin/main.o
LOAD bin/led.o
LOAD bin/bare_metal_stm32f4_startup.o
OUTPUT(bin/bare_metal_stm32f4.elf elf32-littlearm)
LOAD linker stubs

.debug_info     0x0000000000000000      0x332
 .debug_info    0x0000000000000000       0xb8 bin/main.o
 .debug_info    0x00000000000000b8      0x146 bin/led.o
 .debug_info    0x00000000000001fe      0x134 bin/bare_metal_stm32f4_startup.o

.debug_abbrev   0x0000000000000000      0x1d5
 .debug_abbrev  0x0000000000000000       0x71 bin/main.o
 .debug_abbrev  0x0000000000000071       0x9c bin/led.o
 .debug_abbrev  0x000000000000010d       0xc8 bin/bare_metal_stm32f4_startup.o

.debug_aranges  0x0000000000000000       0x60
 .debug_aranges
                0x0000000000000000       0x20 bin/main.o
 .debug_aranges
                0x0000000000000020       0x20 bin/led.o
 .debug_aranges
                0x0000000000000040       0x20 bin/bare_metal_stm32f4_startup.o

.debug_line     0x0000000000000000      0x304
 .debug_line    0x0000000000000000       0xef bin/main.o
 .debug_line    0x00000000000000ef       0xf6 bin/led.o
 .debug_line    0x00000000000001e5      0x11f bin/bare_metal_stm32f4_startup.o

.debug_str      0x0000000000000000      0x1d5
 .debug_str     0x0000000000000000      0x117 bin/main.o
                                        0x154 (size before relaxing)
 .debug_str     0x0000000000000117       0x48 bin/led.o
                                        0x192 (size before relaxing)
 .debug_str     0x000000000000015f       0x76 bin/bare_metal_stm32f4_startup.o
                                        0x19d (size before relaxing)

.comment        0x0000000000000000       0x49
 .comment       0x0000000000000000       0x49 bin/main.o
                                         0x4a (size before relaxing)
 .comment       0x0000000000000049       0x4a bin/led.o
 .comment       0x0000000000000049       0x4a bin/bare_metal_stm32f4_startup.o

.ARM.attributes
                0x0000000000000000       0x2e
 .ARM.attributes
                0x0000000000000000       0x2e bin/main.o
 .ARM.attributes
                0x000000000000002e       0x2e bin/led.o
 .ARM.attributes
                0x000000000000005c       0x2e bin/bare_metal_stm32f4_startup.o

.debug_frame    0x0000000000000000      0x100
 .debug_frame   0x0000000000000000       0x2c bin/main.o
 .debug_frame   0x000000000000002c       0x88 bin/led.o
 .debug_frame   0x00000000000000b4       0x4c bin/bare_metal_stm32f4_startup.o
