
Memory Configuration

Name             Origin             Length             Attributes
FLASH            0x08000000         0x00080000         xr
SRAM             0x20000000         0x00020000         xrw
*default*        0x00000000         0xffffffff

Linker script and memory map


.text           0x08000000      0x280
 *(.isr_vector)
 .isr_vector    0x08000000      0x128 bin/bare_metal_stm32f4_startup.o
                0x08000000                isr_vector
 *(.text)
 .text          0x08000128       0x68 bin/bare_metal_stm32f4_startup.o
                0x08000128                default_handler
                0x0800012e                reset_handler
 .text          0x08000190       0x94 bin/led.o
                0x08000190                delay_ms
                0x080001be                led_on
                0x080001f0                led_off
 .text          0x08000224       0x5c bin/main.o
                0x08000224                main
 *(.rodata)
                0x08000280                . = ALIGN (0x4)
                0x08000280                _etext = .

.glue_7         0x08000280        0x0
 .glue_7        0x08000280        0x0 linker stubs

.glue_7t        0x08000280        0x0
 .glue_7t       0x08000280        0x0 linker stubs

.vfp11_veneer   0x08000280        0x0
 .vfp11_veneer  0x08000280        0x0 linker stubs

.v4_bx          0x08000280        0x0
 .v4_bx         0x08000280        0x0 linker stubs

.iplt           0x08000280        0x0
 .iplt          0x08000280        0x0 bin/bare_metal_stm32f4_startup.o

.rel.dyn        0x08000280        0x0
 .rel.iplt      0x08000280        0x0 bin/bare_metal_stm32f4_startup.o

.data           0x20000000        0xc load address 0x08000280
                0x20000000                _data = .
 *(.data)
 .data          0x20000000        0x0 bin/bare_metal_stm32f4_startup.o
 .data          0x20000000        0xc bin/led.o
                0x20000000                pRCC_AHB1ENR
                0x20000004                pGPIODModeReg
                0x20000008                pGPIODDataReg
 .data          0x2000000c        0x0 bin/main.o
                0x2000000c                . = ALIGN (0x4)
                0x2000000c                _edata = .

.igot.plt       0x2000000c        0x0 load address 0x0800028c
 .igot.plt      0x2000000c        0x0 bin/bare_metal_stm32f4_startup.o

.bss            0x2000000c        0x0 load address 0x0800028c
                0x2000000c                _bss = .
 *(.bss)
 .bss           0x2000000c        0x0 bin/bare_metal_stm32f4_startup.o
 .bss           0x2000000c        0x0 bin/led.o
 .bss           0x2000000c        0x0 bin/main.o
 *(COMMON)
                0x2000000c                . = ALIGN (0x4)
                0x2000000c                _ebss = .
LOAD bin/bare_metal_stm32f4_startup.o
LOAD bin/led.o
LOAD bin/main.o
OUTPUT(bin/bare_metal_stm32f4.elf elf32-littlearm)
LOAD linker stubs

.debug_info     0x00000000      0x332
 .debug_info    0x00000000      0x134 bin/bare_metal_stm32f4_startup.o
 .debug_info    0x00000134      0x146 bin/led.o
 .debug_info    0x0000027a       0xb8 bin/main.o

.debug_abbrev   0x00000000      0x1d5
 .debug_abbrev  0x00000000       0xc8 bin/bare_metal_stm32f4_startup.o
 .debug_abbrev  0x000000c8       0x9c bin/led.o
 .debug_abbrev  0x00000164       0x71 bin/main.o

.debug_aranges  0x00000000       0x60
 .debug_aranges
                0x00000000       0x20 bin/bare_metal_stm32f4_startup.o
 .debug_aranges
                0x00000020       0x20 bin/led.o
 .debug_aranges
                0x00000040       0x20 bin/main.o

.debug_line     0x00000000      0x2ec
 .debug_line    0x00000000      0x117 bin/bare_metal_stm32f4_startup.o
 .debug_line    0x00000117       0xee bin/led.o
 .debug_line    0x00000205       0xe7 bin/main.o

.debug_str      0x00000000      0x1ca
 .debug_str     0x00000000      0x155 bin/bare_metal_stm32f4_startup.o
                                0x192 (size before relaxing)
 .debug_str     0x00000155       0x63 bin/led.o
                                0x187 (size before relaxing)
 .debug_str     0x000001b8       0x12 bin/main.o
                                0x149 (size before relaxing)

.comment        0x00000000       0x49
 .comment       0x00000000       0x49 bin/bare_metal_stm32f4_startup.o
                                 0x4a (size before relaxing)
 .comment       0x00000049       0x4a bin/led.o
 .comment       0x00000049       0x4a bin/main.o

.ARM.attributes
                0x00000000       0x2e
 .ARM.attributes
                0x00000000       0x2e bin/bare_metal_stm32f4_startup.o
 .ARM.attributes
                0x0000002e       0x2e bin/led.o
 .ARM.attributes
                0x0000005c       0x2e bin/main.o

.debug_frame    0x00000000      0x100
 .debug_frame   0x00000000       0x4c bin/bare_metal_stm32f4_startup.o
 .debug_frame   0x0000004c       0x88 bin/led.o
 .debug_frame   0x000000d4       0x2c bin/main.o
